[demo.plainadmin.com/index.html]
[backblue.gif]
[fade.gif]
[index.html]
[demo.plainadmin.com/assets/images/favicon.svg]
[demo.plainadmin.com/assets/css/lineicons.css]
[demo.plainadmin.com/assets/css/bootstrap.min.css]
[demo.plainadmin.com/assets/css/quill/bubble.css]
[demo.plainadmin.com/assets/css/quill/snow.css]
[demo.plainadmin.com/assets/css/fullcalendar.css]
[demo.plainadmin.com/assets/css/morris.css]
[demo.plainadmin.com/assets/css/datatable.css]
[demo.plainadmin.com/assets/images/logo/logo.svg]
[demo.plainadmin.com/analytics-dashboard.html]
[demo.plainadmin.com/crypto.html]
[demo.plainadmin.com/crm-dashboard.html]
[demo.plainadmin.com/marketing-dashboard.html]
[demo.plainadmin.com/settings.html]
[demo.plainadmin.com/projects.html]
[demo.plainadmin.com/clients.html]
[demo.plainadmin.com/assets/css/main.css]
[demo.plainadmin.com/chat.html]
[demo.plainadmin.com/error-page.html]
[demo.plainadmin.com/pricing.html]
[demo.plainadmin.com/blank-page.html]
[demo.plainadmin.com/kanban.html]
[demo.plainadmin.com/invoice.html]
[demo.plainadmin.com/profile.html]
[demo.plainadmin.com/file-manager.html]
[demo.plainadmin.com/task.html]
[demo.plainadmin.com/calendar.html]
[demo.plainadmin.com/signup.html]
[demo.plainadmin.com/reset-password.html]
[demo.plainadmin.com/alerts.html]
[demo.plainadmin.com/accordion.html]
[demo.plainadmin.com/buttons.html]
[demo.plainadmin.com/button-group.html]
[demo.plainadmin.com/breadcrumb.html]
[demo.plainadmin.com/badges.html]
[demo.plainadmin.com/cards.html]
[demo.plainadmin.com/signin.html]
[demo.plainadmin.com/dropdown.html]
[demo.plainadmin.com/carousel.html]
[demo.plainadmin.com/pagination.html]
[demo.plainadmin.com/list.html]
[demo.plainadmin.com/progress-bars.html]
[demo.plainadmin.com/tabs.html]
[demo.plainadmin.com/typography.html]
[demo.plainadmin.com/videos.html]
[demo.plainadmin.com/modals.html]
[demo.plainadmin.com/icons.html]
[demo.plainadmin.com/mdi-icons.html]
[demo.plainadmin.com/form-elements.html]
[demo.plainadmin.com/form-layout.html]
[demo.plainadmin.com/tables.html]
[demo.plainadmin.com/form-edit.html]
[demo.plainadmin.com/form-validation.html]
[demo.plainadmin.com/basic-table.html]
[demo.plainadmin.com/tables-responsive.html]
[demo.plainadmin.com/datatables.html]
[demo.plainadmin.com/chart-js.html]
[demo.plainadmin.com/apex-chart.html]
[demo.plainadmin.com/notification.html]
[demo.plainadmin.com/assets/images/logo/logo-icon-big.svg]
[demo.plainadmin.com/assets/images/lead/lead-6.png]
[demo.plainadmin.com/assets/images/lead/lead-1.png]
[demo.plainadmin.com/assets/images/lead/lead-5.png]
[demo.plainadmin.com/assets/images/lead/lead-3.png]
[demo.plainadmin.com/assets/images/lead/lead-2.png]
[demo.plainadmin.com/assets/images/profile/profile-image.png]
[demo.plainadmin.com/assets/images/products/product-mini-1.jpg]
[demo.plainadmin.com/assets/images/products/product-mini-2.jpg]
[demo.plainadmin.com/assets/images/products/product-mini-3.jpg]
[demo.plainadmin.com/assets/images/products/product-mini-4.jpg]
[demo.plainadmin.com/assets/js/bootstrap.bundle.min.js]
[demo.plainadmin.com/assets/js/Chart.min.js]
[demo.plainadmin.com/assets/js/dynamic-pie-chart.js]
[demo.plainadmin.com/assets/js/apexcharts.min.js]
[demo.plainadmin.com/assets/js/jvectormap.min.js]
[demo.plainadmin.com/assets/js/moment.min.js]
[demo.plainadmin.com/assets/js/fullcalendar.js]
[demo.plainadmin.com/assets/js/polyfill.js]
[demo.plainadmin.com/assets/js/world-merc.js]
[demo.plainadmin.com/assets/js/quill.min.js]
[demo.plainadmin.com/assets/js/Sortable.min.js]
[demo.plainadmin.com/index.html]
[demo.plainadmin.com/assets/images/favicon.svg]
[demo.plainadmin.com/assets/css/bootstrap.min.css]
[demo.plainadmin.com/assets/js/main.js]
[demo.plainadmin.com/assets/js/datatable.js]
[demo.plainadmin.com/assets/fonts/lineicons.woff2]
[demo.plainadmin.com/assets/fonts/lineicons.woff]
[demo.plainadmin.com/assets/fonts/lineicons.ttf]
[demo.plainadmin.com/assets/fonts/lineicons.eot]
[demo.plainadmin.com/assets/css/lineicons.css]
[demo.plainadmin.com/assets/css/quill/bubble.css]
[demo.plainadmin.com/assets/css/quill/snow.css]
[demo.plainadmin.com/assets/css/fullcalendar.css]
[demo.plainadmin.com/assets/css/morris.css]
[demo.plainadmin.com/assets/css/datatable.css]
[demo.plainadmin.com/assets/css/main.css]
[demo.plainadmin.com/assets/images/logo/logo.svg]
[demo.plainadmin.com/assets/fonts/lineicons.svg]
[demo.plainadmin.com/assets/images/lead/lead-4.png]
[demo.plainadmin.com/assets/images/refarrals/uideck.svg]
[demo.plainadmin.com/assets/images/refarrals/graygrids.svg]
[demo.plainadmin.com/assets/images/refarrals/ayroui.svg]
[demo.plainadmin.com/assets/images/refarrals/tailgrids.svg]
[demo.plainadmin.com/analytics-dashboard.html]
[demo.plainadmin.com/assets/images/refarrals/lineicons.svg]
[demo.plainadmin.com/assets/images/refarrals/ecomhtml.svg]
[demo.plainadmin.com/crypto.html]
[demo.plainadmin.com/crm-dashboard.html]
[demo.plainadmin.com/marketing-dashboard.html]
[demo.plainadmin.com/assets/images/profile/profile-1.png]
[demo.plainadmin.com/settings.html]
[demo.plainadmin.com/assets/css/loading-bar.min.css]
[demo.plainadmin.com/assets/images/projects/image-1.png]
[demo.plainadmin.com/assets/images/projects/image-2.png]
[demo.plainadmin.com/assets/images/projects/image-3.png]
[demo.plainadmin.com/projects.html]
[demo.plainadmin.com/assets/js/loading-bar.min.js]
[demo.plainadmin.com/assets/images/clients/clients-cover.jpg]
[demo.plainadmin.com/assets/images/clients/client-profile.png]
[demo.plainadmin.com/clients.html]
[demo.plainadmin.com/pricing.html]
[demo.plainadmin.com/chat.html]
[demo.plainadmin.com/assets/images/error.svg]
[demo.plainadmin.com/error-page.html]
[demo.plainadmin.com/blank-page.html]
[demo.plainadmin.com/assets/images/kanban/members/member-1.png]
[demo.plainadmin.com/assets/images/kanban/members/member-2.png]
[demo.plainadmin.com/assets/images/kanban/members/member-3.png]
[demo.plainadmin.com/assets/images/kanban/members/member-4.png]
[demo.plainadmin.com/kanban.html]
[demo.plainadmin.com/assets/images/file-manager/recent-files/icon-1.svg]
[demo.plainadmin.com/assets/images/file-manager/recent-files/icon-2.svg]
[demo.plainadmin.com/assets/images/file-manager/recent-files/icon-3.svg]
[demo.plainadmin.com/assets/images/file-manager/recent-files/icon-5.svg]
[demo.plainadmin.com/assets/images/file-manager/recent-files/icon-4.svg]
[demo.plainadmin.com/file-manager.html]
[demo.plainadmin.com/assets/images/file-manager/recent-files/icon-6.svg]
[demo.plainadmin.com/assets/images/profile/profile-cover.jpg]
[demo.plainadmin.com/assets/images/cards/card-style-6/card-1.jpg]
[demo.plainadmin.com/assets/images/cards/card-style-6/card-2.jpg]
[demo.plainadmin.com/assets/images/cards/card-style-6/card-3.jpg]
[demo.plainadmin.com/assets/images/cards/card-style-6/card-4.jpg]
[demo.plainadmin.com/profile.html]
[demo.plainadmin.com/invoice.html]
[demo.plainadmin.com/assets/images/invoice/uideck-logo.svg]
[demo.plainadmin.com/task.html]
[demo.plainadmin.com/calendar.html]
[demo.plainadmin.com/assets/images/auth/signin-image.svg]
[demo.plainadmin.com/signin.html]
[demo.plainadmin.com/assets/images/auth/shape.svg]
[demo.plainadmin.com/signup.html]
[demo.plainadmin.com/reset-password.html]
[demo.plainadmin.com/assets/images/auth/reset-password.svg]
[demo.plainadmin.com/accordion.html]
[demo.plainadmin.com/inv'.html]
[demo.plainadmin.com/alerts.html]
[demo.plainadmin.com/buttons.html]
[demo.plainadmin.com/button-group.html]
[demo.plainadmin.com/breadcrumb.html]
[demo.plainadmin.com/badges.html]
[demo.plainadmin.com/assets/images/cards/card-style-1/admin-1.png]
[demo.plainadmin.com/assets/images/cards/card-style-1/card-1.jpg]
[demo.plainadmin.com/assets/images/cards/card-style-1/admin-2.png]
[demo.plainadmin.com/assets/images/cards/card-style-1/card-2.jpg]
[demo.plainadmin.com/assets/images/cards/card-style-1/admin-3.png]
[demo.plainadmin.com/assets/images/cards/card-style-1/card-3.jpg]
[demo.plainadmin.com/assets/images/cards/card-style-2/card-1.jpg]
[demo.plainadmin.com/assets/images/cards/card-style-2/card-2.jpg]
[demo.plainadmin.com/assets/images/cards/card-style-2/card-3.jpg]
[demo.plainadmin.com/assets/images/cards/card-style-4/card-1.png]
[demo.plainadmin.com/assets/images/cards/card-style-4/card-2.png]
[demo.plainadmin.com/assets/images/cards/card-style-4/card-3.png]
[demo.plainadmin.com/assets/images/cards/card-style-5/card-1.jpg]
[demo.plainadmin.com/assets/images/cards/card-style-5/card-2.jpg]
[demo.plainadmin.com/cards.html]
[demo.plainadmin.com/assets/css/swiper-bundle.min.css]
[demo.plainadmin.com/assets/images/carousel/carousel-01.jpg]
[demo.plainadmin.com/carousel.html]
[demo.plainadmin.com/assets/js/swiper-bundle.min.js]
[demo.plainadmin.com/dropdown.html]
[demo.plainadmin.com/list.html]
[demo.plainadmin.com/modals.html]
[demo.plainadmin.com/assets/images/modals/image-1.svg]
[demo.plainadmin.com/pagination.html]
[demo.plainadmin.com/progress-bars.html]
[demo.plainadmin.com/tabs.html]
[demo.plainadmin.com/typography.html]
[demo.plainadmin.com/videos.html]
[demo.plainadmin.com/icons.html]
[demo.plainadmin.com/mdi-icons.html]
[demo.plainadmin.com/assets/css/materialdesignicons.min.css]
[demo.plainadmin.com/form-elements.html]
[demo.plainadmin.com/form-layout.html]
[demo.plainadmin.com/tables.html]
[demo.plainadmin.com/form-edit.html]
[demo.plainadmin.com/form-validation.html]
[demo.plainadmin.com/basic-table.html]
[demo.plainadmin.com/tables-responsive.html]
[demo.plainadmin.com/datatables.html]
[demo.plainadmin.com/chart-js.html]
[demo.plainadmin.com/apex-chart.html]
[demo.plainadmin.com/notification.html]
[demo.plainadmin.com/assets/images/logo/logo-icon-big.svg]
[demo.plainadmin.com/assets/fonts/lineicons.svg]
[demo.plainadmin.com/assets/images/refarrals/uideck.svg]
[demo.plainadmin.com/assets/images/refarrals/graygrids.svg]
[demo.plainadmin.com/assets/images/refarrals/ayroui.svg]
[demo.plainadmin.com/assets/images/refarrals/tailgrids.svg]
[demo.plainadmin.com/assets/images/refarrals/ecomhtml.svg]
[demo.plainadmin.com/assets/images/refarrals/lineicons.svg]
[demo.plainadmin.com/assets/css/loading-bar.min.css]
[demo.plainadmin.com/assets/images/error.svg]
[demo.plainadmin.com/assets/images/file-manager/recent-files/icon-1.svg]
[demo.plainadmin.com/assets/images/file-manager/recent-files/icon-2.svg]
[demo.plainadmin.com/assets/images/file-manager/recent-files/icon-3.svg]
[demo.plainadmin.com/assets/images/file-manager/recent-files/icon-4.svg]
[demo.plainadmin.com/assets/images/file-manager/recent-files/icon-5.svg]
[demo.plainadmin.com/assets/images/file-manager/recent-files/icon-6.svg]
[demo.plainadmin.com/assets/images/invoice/uideck-logo.svg]
[demo.plainadmin.com/assets/images/auth/signin-image.svg]
[demo.plainadmin.com/assets/images/auth/shape.svg]
[demo.plainadmin.com/assets/images/auth/reset-password.svg]
[demo.plainadmin.com/inv'.html]
[demo.plainadmin.com/assets/css/swiper-bundle.min.css]
[demo.plainadmin.com/assets/images/modals/image-1.svg]
[demo.plainadmin.com/assets/fonts/materialdesignicons-webfontd41d.eot]
[demo.plainadmin.com/assets/fonts/materialdesignicons-webfont3e71.woff2]
[demo.plainadmin.com/assets/fonts/materialdesignicons-webfont3e71.woff]
[demo.plainadmin.com/assets/css/materialdesignicons.min.css]
[demo.plainadmin.com/assets/fonts/materialdesignicons-webfont3e71.ttf]
[demo.plainadmin.com/assets/fonts/materialdesignicons-webfont3e71.eot]
